<?xml version="1.0" encoding="UTF-8"?>
<testsuites tests="216" failures="0" errors="0" time="7.416783">
	<testsuite tests="0" failures="0" time="0.630000" name="github.com/keelcore/keel/cmd/keel" timestamp="2026-03-09T01:23:06+08:00">
		<properties>
			<property name="go.version" value="go1.26.0 darwin/arm64"></property>
		</properties>
	</testsuite>
	<testsuite tests="1" failures="0" time="0.000000" name="github.com/keelcore/keel/examples/myapp" timestamp="2026-03-09T01:23:06+08:00">
		<properties>
			<property name="go.version" value="go1.26.0 darwin/arm64"></property>
		</properties>
		<testcase classname="github.com/keelcore/keel/examples/myapp" name="TestHello_Returns200WithBody" time="0.000000"></testcase>
	</testsuite>
	<testsuite tests="0" failures="0" time="0.626000" name="github.com/keelcore/keel/pkg/clisupport" timestamp="2026-03-09T01:23:06+08:00">
		<properties>
			<property name="go.version" value="go1.26.0 darwin/arm64"></property>
		</properties>
	</testsuite>
	<testsuite tests="0" failures="0" time="0.604000" name="github.com/keelcore/keel/pkg/config" timestamp="2026-03-09T01:23:06+08:00">
		<properties>
			<property name="go.version" value="go1.26.0 darwin/arm64"></property>
		</properties>
	</testsuite>
	<testsuite tests="0" failures="0" time="0.574000" name="github.com/keelcore/keel/pkg/core" timestamp="2026-03-09T01:23:06+08:00">
		<properties>
			<property name="go.version" value="go1.26.0 darwin/arm64"></property>
		</properties>
	</testsuite>
	<testsuite tests="0" failures="0" time="0.619000" name="github.com/keelcore/keel/pkg/core/acme" timestamp="2026-03-09T01:23:06+08:00">
		<properties>
			<property name="go.version" value="go1.26.0 darwin/arm64"></property>
		</properties>
	</testsuite>
	<testsuite tests="0" failures="0" time="0.000000" name="github.com/keelcore/keel/pkg/core/ctxkeys" timestamp="2026-03-09T01:23:06+08:00">
		<properties>
			<property name="go.version" value="go1.26.0 darwin/arm64"></property>
		</properties>
	</testsuite>
	<testsuite tests="0" failures="0" time="0.614000" name="github.com/keelcore/keel/pkg/core/http3" timestamp="2026-03-09T01:23:06+08:00">
		<properties>
			<property name="go.version" value="go1.26.0 darwin/arm64"></property>
		</properties>
	</testsuite>
	<testsuite tests="0" failures="0" time="0.633000" name="github.com/keelcore/keel/pkg/core/httpx" timestamp="2026-03-09T01:23:06+08:00">
		<properties>
			<property name="go.version" value="go1.26.0 darwin/arm64"></property>
		</properties>
	</testsuite>
	<testsuite tests="0" failures="0" time="0.624000" name="github.com/keelcore/keel/pkg/core/lifecycle" timestamp="2026-03-09T01:23:06+08:00">
		<properties>
			<property name="go.version" value="go1.26.0 darwin/arm64"></property>
		</properties>
	</testsuite>
	<testsuite tests="0" failures="0" time="0.648000" name="github.com/keelcore/keel/pkg/core/logging" timestamp="2026-03-09T01:23:06+08:00">
		<properties>
			<property name="go.version" value="go1.26.0 darwin/arm64"></property>
		</properties>
	</testsuite>
	<testsuite tests="0" failures="0" time="0.680000" name="github.com/keelcore/keel/pkg/core/metrics" timestamp="2026-03-09T01:23:06+08:00">
		<properties>
			<property name="go.version" value="go1.26.0 darwin/arm64"></property>
		</properties>
	</testsuite>
	<testsuite tests="0" failures="0" time="0.626000" name="github.com/keelcore/keel/pkg/core/mw" timestamp="2026-03-09T01:23:06+08:00">
		<properties>
			<property name="go.version" value="go1.26.0 darwin/arm64"></property>
		</properties>
	</testsuite>
	<testsuite tests="0" failures="0" time="0.000000" name="github.com/keelcore/keel/pkg/core/ports" timestamp="2026-03-09T01:23:06+08:00">
		<properties>
			<property name="go.version" value="go1.26.0 darwin/arm64"></property>
		</properties>
	</testsuite>
	<testsuite tests="0" failures="0" time="0.538000" name="github.com/keelcore/keel/pkg/core/probes" timestamp="2026-03-09T01:23:06+08:00">
		<properties>
			<property name="go.version" value="go1.26.0 darwin/arm64"></property>
		</properties>
	</testsuite>
	<testsuite tests="0" failures="0" time="0.627000" name="github.com/keelcore/keel/pkg/core/router" timestamp="2026-03-09T01:23:06+08:00">
		<properties>
			<property name="go.version" value="go1.26.0 darwin/arm64"></property>
		</properties>
	</testsuite>
	<testsuite tests="0" failures="0" time="0.656000" name="github.com/keelcore/keel/pkg/core/sidecar" timestamp="2026-03-09T01:23:06+08:00">
		<properties>
			<property name="go.version" value="go1.26.0 darwin/arm64"></property>
		</properties>
	</testsuite>
	<testsuite tests="0" failures="0" time="0.678000" name="github.com/keelcore/keel/pkg/core/statsd" timestamp="2026-03-09T01:23:06+08:00">
		<properties>
			<property name="go.version" value="go1.26.0 darwin/arm64"></property>
		</properties>
	</testsuite>
	<testsuite tests="0" failures="0" time="0.244000" name="github.com/keelcore/keel/pkg/core/tls" timestamp="2026-03-09T01:23:07+08:00">
		<properties>
			<property name="go.version" value="go1.26.0 darwin/arm64"></property>
		</properties>
	</testsuite>
	<testsuite tests="0" failures="0" time="0.211000" name="github.com/keelcore/keel/pkg/core/version" timestamp="2026-03-09T01:23:07+08:00">
		<properties>
			<property name="go.version" value="go1.26.0 darwin/arm64"></property>
		</properties>
	</testsuite>
	<testsuite tests="9" failures="0" skipped="9" time="0.000000" name="github.com/keelcore/keel/tests/compose" timestamp="2026-03-09T01:23:07+08:00">
		<properties>
			<property name="go.version" value="go1.26.0 darwin/arm64"></property>
		</properties>
		<testcase classname="github.com/keelcore/keel/tests/compose" name="TestCompose_HealthProbe" time="0.000000">
			<skipped message="=== RUN   TestCompose_HealthProbe&#xA;    compose_test.go:50: set KEEL_COMPOSE_TESTS=1 to run compose integration tests&#xA;--- SKIP: TestCompose_HealthProbe (0.00s)&#xA;"></skipped>
		</testcase>
		<testcase classname="github.com/keelcore/keel/tests/compose" name="TestCompose_ReadyProbe" time="0.000000">
			<skipped message="=== RUN   TestCompose_ReadyProbe&#xA;    compose_test.go:55: set KEEL_COMPOSE_TESTS=1 to run compose integration tests&#xA;--- SKIP: TestCompose_ReadyProbe (0.00s)&#xA;"></skipped>
		</testcase>
		<testcase classname="github.com/keelcore/keel/tests/compose" name="TestCompose_StartupProbe" time="0.000000">
			<skipped message="=== RUN   TestCompose_StartupProbe&#xA;    compose_test.go:74: set KEEL_COMPOSE_TESTS=1 to run compose integration tests&#xA;--- SKIP: TestCompose_StartupProbe (0.00s)&#xA;"></skipped>
		</testcase>
		<testcase classname="github.com/keelcore/keel/tests/compose" name="TestCompose_MainHTTPRoot" time="0.000000">
			<skipped message="=== RUN   TestCompose_MainHTTPRoot&#xA;    compose_test.go:95: set KEEL_COMPOSE_TESTS=1 to run compose integration tests&#xA;--- SKIP: TestCompose_MainHTTPRoot (0.00s)&#xA;"></skipped>
		</testcase>
		<testcase classname="github.com/keelcore/keel/tests/compose" name="TestCompose_ProbesNotOnMainPort" time="0.000000">
			<skipped message="=== RUN   TestCompose_ProbesNotOnMainPort&#xA;    compose_test.go:101: set KEEL_COMPOSE_TESTS=1 to run compose integration tests&#xA;--- SKIP: TestCompose_ProbesNotOnMainPort (0.00s)&#xA;"></skipped>
		</testcase>
		<testcase classname="github.com/keelcore/keel/tests/compose" name="TestCompose_OWASPHeaders" time="0.000000">
			<skipped message="=== RUN   TestCompose_OWASPHeaders&#xA;    compose_test.go:112: set KEEL_COMPOSE_TESTS=1 to run compose integration tests&#xA;--- SKIP: TestCompose_OWASPHeaders (0.00s)&#xA;"></skipped>
		</testcase>
		<testcase classname="github.com/keelcore/keel/tests/compose" name="TestCompose_AdminPort" time="0.000000">
			<skipped message="=== RUN   TestCompose_AdminPort&#xA;    compose_test.go:138: set KEEL_COMPOSE_TESTS=1 to run compose integration tests&#xA;--- SKIP: TestCompose_AdminPort (0.00s)&#xA;"></skipped>
		</testcase>
		<testcase classname="github.com/keelcore/keel/tests/compose" name="TestCompose_UpstreamDirectlyReachable" time="0.000000">
			<skipped message="=== RUN   TestCompose_UpstreamDirectlyReachable&#xA;    compose_test.go:153: set KEEL_COMPOSE_TESTS=1 to run compose integration tests&#xA;--- SKIP: TestCompose_UpstreamDirectlyReachable (0.00s)&#xA;"></skipped>
		</testcase>
		<testcase classname="github.com/keelcore/keel/tests/compose" name="TestCompose_PrometheusReachable" time="0.000000">
			<skipped message="=== RUN   TestCompose_PrometheusReachable&#xA;    compose_test.go:162: set KEEL_COMPOSE_TESTS=1 to run compose integration tests&#xA;--- SKIP: TestCompose_PrometheusReachable (0.00s)&#xA;"></skipped>
		</testcase>
	</testsuite>
	<testsuite tests="2" failures="0" time="0.000000" name="github.com/keelcore/keel/tests/integration" timestamp="2026-03-09T01:23:07+08:00">
		<properties>
			<property name="go.version" value="go1.26.0 darwin/arm64"></property>
		</properties>
		<testcase classname="github.com/keelcore/keel/tests/integration" name="TestServer_HealthAndDefaultRoot" time="0.030000"></testcase>
		<testcase classname="github.com/keelcore/keel/tests/integration" name="TestSidecar_ReverseProxy" time="0.000000"></testcase>
	</testsuite>
	<testsuite tests="204" failures="0" time="5.997000" name="github.com/keelcore/keel/tests/unit" timestamp="2026-03-09T01:23:08+08:00">
		<properties>
			<property name="go.version" value="go1.26.0 darwin/arm64"></property>
		</properties>
		<testcase classname="github.com/keelcore/keel/tests/unit" name="TestAccessLog_WritesLogEntry" time="0.000000"></testcase>
		<testcase classname="github.com/keelcore/keel/tests/unit" name="TestAccessLog_CapturesBytesOut" time="0.000000"></testcase>
		<testcase classname="github.com/keelcore/keel/tests/unit" name="TestACME_ChallengeRouteServedWithoutRedirect" time="0.000000"></testcase>
		<testcase classname="github.com/keelcore/keel/tests/unit" name="TestACME_UnknownToken_Returns404" time="0.000000"></testcase>
		<testcase classname="github.com/keelcore/keel/tests/unit" name="TestACME_NonChallengePath_RedirectsToHTTPS" time="0.000000"></testcase>
		<testcase classname="github.com/keelcore/keel/tests/unit" name="TestACME_DeleteToken_RemovesChallenge" time="0.000000"></testcase>
		<testcase classname="github.com/keelcore/keel/tests/unit" name="TestAuthn_PEM_NoPEMBlock" time="0.000000"></testcase>
		<testcase classname="github.com/keelcore/keel/tests/unit" name="TestAuthn_PEM_RSAKeyWrongAlg" time="0.190000"></testcase>
		<testcase classname="github.com/keelcore/keel/tests/unit" name="TestAuthn_PEM_ECKeyWrongAlg" time="0.000000"></testcase>
		<testcase classname="github.com/keelcore/keel/tests/unit" name="TestAuthn_SecretSignerWithNonHMACAlg" time="0.070000"></testcase>
		<testcase classname="github.com/keelcore/keel/tests/unit" name="TestJWKS_RSA_AcceptedWithKid" time="0.080000"></testcase>
		<testcase classname="github.com/keelcore/keel/tests/unit" name="TestJWKS_RSA_AlgOnlyMatch" time="0.070000"></testcase>
		<testcase classname="github.com/keelcore/keel/tests/unit" name="TestJWKS_EC_P256_Accepted" time="0.000000"></testcase>
		<testcase classname="github.com/keelcore/keel/tests/unit" name="TestJWKS_EC_P384_Accepted" time="0.020000"></testcase>
		<testcase classname="github.com/keelcore/keel/tests/unit" name="TestJWKS_CacheHit" time="0.080000"></testcase>
		<testcase classname="github.com/keelcore/keel/tests/unit" name="TestJWKS_UnsupportedKty_Skipped" time="0.060000"></testcase>
		<testcase classname="github.com/keelcore/keel/tests/unit" name="TestJWKS_RSA_BadBase64N" time="0.140000"></testcase>
		<testcase classname="github.com/keelcore/keel/tests/unit" name="TestJWKS_RSA_BadBase64E" time="0.150000"></testcase>
		<testcase classname="github.com/keelcore/keel/tests/unit" name="TestJWKS_EC_UnsupportedCurve" time="0.040000"></testcase>
		<testcase classname="github.com/keelcore/keel/tests/unit" name="TestJWKS_EC_BadBase64X" time="0.000000"></testcase>
		<testcase classname="github.com/keelcore/keel/tests/unit" name="TestJWKS_EC_BadBase64Y" time="0.000000"></testcase>
		<testcase classname="github.com/keelcore/keel/tests/unit" name="TestJWKS_KidMismatch" time="0.080000"></testcase>
		<testcase classname="github.com/keelcore/keel/tests/unit" name="TestJWKS_AlgMismatch_RSAKeyECToken" time="0.020000"></testcase>
		<testcase classname="github.com/keelcore/keel/tests/unit" name="TestJWKS_AlgMismatch_ECKeyRSAToken" time="0.020000"></testcase>
		<testcase classname="github.com/keelcore/keel/tests/unit" name="TestJWKS_FetchError_InvalidJSON" time="0.170000"></testcase>
		<testcase classname="github.com/keelcore/keel/tests/unit" name="TestJWKS_FetchError_ServerDown" time="0.050000"></testcase>
		<testcase classname="github.com/keelcore/keel/tests/unit" name="TestJWKS_ParseJWK_UnmarshalError" time="0.070000"></testcase>
		<testcase classname="github.com/keelcore/keel/tests/unit" name="TestJWKS_ParseRSAJWK_UnmarshalError" time="0.050000"></testcase>
		<testcase classname="github.com/keelcore/keel/tests/unit" name="TestJWKS_ParseECJWK_UnmarshalError" time="0.000000"></testcase>
		<testcase classname="github.com/keelcore/keel/tests/unit" name="TestAuthn_EmptySigners" time="0.040000"></testcase>
		<testcase classname="github.com/keelcore/keel/tests/unit" name="TestAuthn_PEM_InvalidDER" time="0.000000"></testcase>
		<testcase classname="github.com/keelcore/keel/tests/unit" name="TestAuthn_PEM_UnsupportedKeyType" time="0.000000"></testcase>
		<testcase classname="github.com/keelcore/keel/tests/unit" name="TestAuthnJWT_AllowsTrustedSub" time="0.000000"></testcase>
		<testcase classname="github.com/keelcore/keel/tests/unit" name="TestAuthnJWT_MissingAuth" time="0.000000"></testcase>
		<testcase classname="github.com/keelcore/keel/tests/unit" name="TestAuthnJWT_ExpiredToken" time="0.000000"></testcase>
		<testcase classname="github.com/keelcore/keel/tests/unit" name="TestAuthnJWT_WrongSigner" time="0.000000"></testcase>
		<testcase classname="github.com/keelcore/keel/tests/unit" name="TestAuthnJWT_ForbiddenSub" time="0.000000"></testcase>
		<testcase classname="github.com/keelcore/keel/tests/unit" name="TestAuthnJWT_RS256Accepted" time="0.100000"></testcase>
		<testcase classname="github.com/keelcore/keel/tests/unit" name="TestAuthnJWT_ES256Accepted" time="0.000000"></testcase>
		<testcase classname="github.com/keelcore/keel/tests/unit" name="TestAuthnJWT_SecondSignerAccepted" time="0.000000"></testcase>
		<testcase classname="github.com/keelcore/keel/tests/unit" name="TestCertLoader_LoadsInitialCert" time="0.000000"></testcase>
		<testcase classname="github.com/keelcore/keel/tests/unit" name="TestCertLoader_ReloadReplacesActiveCert" time="0.000000"></testcase>
		<testcase classname="github.com/keelcore/keel/tests/unit" name="TestCertLoader_ReloadBadPath_KeepsOldCert" time="0.000000"></testcase>
		<testcase classname="github.com/keelcore/keel/tests/unit" name="TestConcurrencyLimit_Disabled" time="0.000000"></testcase>
		<testcase classname="github.com/keelcore/keel/tests/unit" name="TestConcurrencyLimit_ImmediateRejectWhenFull" time="0.020000"></testcase>
		<testcase classname="github.com/keelcore/keel/tests/unit" name="TestConcurrencyLimit_QueuedRequestsComplete" time="0.020000"></testcase>
		<testcase classname="github.com/keelcore/keel/tests/unit" name="TestConcurrencyLimit_QueueOverflowRejects" time="0.030000"></testcase>
		<testcase classname="github.com/keelcore/keel/tests/unit" name="TestConcurrencyLimit_QueuedContextTimeout" time="0.030000"></testcase>
		<testcase classname="github.com/keelcore/keel/tests/unit" name="TestDuration_UnmarshalYAML_Valid" time="0.000000"></testcase>
		<testcase classname="github.com/keelcore/keel/tests/unit" name="TestDuration_UnmarshalYAML_InvalidString" time="0.000000"></testcase>
		<testcase classname="github.com/keelcore/keel/tests/unit" name="TestDuration_UnmarshalYAML_InvalidDuration" time="0.000000"></testcase>
		<testcase classname="github.com/keelcore/keel/tests/unit" name="TestDurationOf" time="0.000000"></testcase>
		<testcase classname="github.com/keelcore/keel/tests/unit" name="TestDefaults_KeyValues" time="0.000000"></testcase>
		<testcase classname="github.com/keelcore/keel/tests/unit" name="TestValidate_HappyPath" time="0.000000"></testcase>
		<testcase classname="github.com/keelcore/keel/tests/unit" name="TestValidate_HTTPSEnabledNoCert" time="0.000000"></testcase>
		<testcase classname="github.com/keelcore/keel/tests/unit" name="TestValidate_H3EnabledNoCert" time="0.000000"></testcase>
		<testcase classname="github.com/keelcore/keel/tests/unit" name="TestValidate_ACMEAndCertConflict" time="0.000000"></testcase>
		<testcase classname="github.com/keelcore/keel/tests/unit" name="TestValidate_ACMENoDomains" time="0.000000"></testcase>
		<testcase classname="github.com/keelcore/keel/tests/unit" name="TestValidate_BackpressureWatermarkInverted" time="0.000000"></testcase>
		<testcase classname="github.com/keelcore/keel/tests/unit" name="TestValidate_SidecarEnabledNoURL" time="0.000000"></testcase>
		<testcase classname="github.com/keelcore/keel/tests/unit" name="TestValidate_SidecarWithURL" time="0.000000"></testcase>
		<testcase classname="github.com/keelcore/keel/tests/unit" name="TestValidate_ACMEValidPath" time="0.000000"></testcase>
		<testcase classname="github.com/keelcore/keel/tests/unit" name="TestLoad_EmptyPaths_UsesDefaults" time="0.000000"></testcase>
		<testcase classname="github.com/keelcore/keel/tests/unit" name="TestLoad_ValidConfigFile" time="0.000000"></testcase>
		<testcase classname="github.com/keelcore/keel/tests/unit" name="TestLoad_ValidSecretsFile" time="0.000000"></testcase>
		<testcase classname="github.com/keelcore/keel/tests/unit" name="TestLoad_BadConfigPath" time="0.000000"></testcase>
		<testcase classname="github.com/keelcore/keel/tests/unit" name="TestLoad_InvalidYAML" time="0.000000"></testcase>
		<testcase classname="github.com/keelcore/keel/tests/unit" name="TestLoad_ValidationError" time="0.000000"></testcase>
		<testcase classname="github.com/keelcore/keel/tests/unit" name="TestFrom_EnvOverridesPort" time="0.000000"></testcase>
		<testcase classname="github.com/keelcore/keel/tests/unit" name="TestFrom_ValidationError" time="0.000000"></testcase>
		<testcase classname="github.com/keelcore/keel/tests/unit" name="TestFrom_DoesNotMutateInput" time="0.000000"></testcase>
		<testcase classname="github.com/keelcore/keel/tests/unit" name="TestApplyEnv_Bool_True" time="0.000000"></testcase>
		<testcase classname="github.com/keelcore/keel/tests/unit" name="TestApplyEnv_Bool_Invalid_IsIgnored" time="0.000000"></testcase>
		<testcase classname="github.com/keelcore/keel/tests/unit" name="TestApplyEnv_Int_Valid" time="0.000000"></testcase>
		<testcase classname="github.com/keelcore/keel/tests/unit" name="TestApplyEnv_Int_Invalid_IsIgnored" time="0.000000"></testcase>
		<testcase classname="github.com/keelcore/keel/tests/unit" name="TestApplyEnv_Int64_Valid" time="0.000000"></testcase>
		<testcase classname="github.com/keelcore/keel/tests/unit" name="TestApplyEnv_Int64_Invalid_IsIgnored" time="0.000000"></testcase>
		<testcase classname="github.com/keelcore/keel/tests/unit" name="TestApplyEnv_Float64_Valid" time="0.000000"></testcase>
		<testcase classname="github.com/keelcore/keel/tests/unit" name="TestApplyEnv_Float64_Invalid_IsIgnored" time="0.000000"></testcase>
		<testcase classname="github.com/keelcore/keel/tests/unit" name="TestApplyEnv_String_Set" time="0.000000"></testcase>
		<testcase classname="github.com/keelcore/keel/tests/unit" name="TestApplyEnv_Duration_Valid" time="0.000000"></testcase>
		<testcase classname="github.com/keelcore/keel/tests/unit" name="TestApplyEnv_Duration_Invalid_IsIgnored" time="0.000000"></testcase>
		<testcase classname="github.com/keelcore/keel/tests/unit" name="TestApplyEnv_CSV_Multi" time="0.000000"></testcase>
		<testcase classname="github.com/keelcore/keel/tests/unit" name="TestApplyEnv_CSV_AllEmpty_IsIgnored" time="0.000000"></testcase>
		<testcase classname="github.com/keelcore/keel/tests/unit" name="TestLoad_BadSecretsPath" time="0.000000"></testcase>
		<testcase classname="github.com/keelcore/keel/tests/unit" name="TestAddrFromPort" time="0.000000"></testcase>
		<testcase classname="github.com/keelcore/keel/tests/unit" name="TestLogger_Error_WritesErrorLevel" time="0.000000"></testcase>
		<testcase classname="github.com/keelcore/keel/tests/unit" name="TestLogger_TextFormat_ContainsLevelAndMsg" time="0.000000"></testcase>
		<testcase classname="github.com/keelcore/keel/tests/unit" name="TestLogger_TextFormat_NilFields" time="0.000000"></testcase>
		<testcase classname="github.com/keelcore/keel/tests/unit" name="TestMetrics_HandlerContentType" time="0.000000"></testcase>
		<testcase classname="github.com/keelcore/keel/tests/unit" name="TestMetrics_RequestsTotal" time="0.000000"></testcase>
		<testcase classname="github.com/keelcore/keel/tests/unit" name="TestMetrics_Inflight" time="0.000000"></testcase>
		<testcase classname="github.com/keelcore/keel/tests/unit" name="TestMetrics_FIPSActive" time="0.000000"></testcase>
		<testcase classname="github.com/keelcore/keel/tests/unit" name="TestPressureLoop_EarlyReturn_HeapMaxBytesZero" time="0.000000"></testcase>
		<testcase classname="github.com/keelcore/keel/tests/unit" name="TestPressureLoop_ExitsOnContextCancel" time="0.000000"></testcase>
		<testcase classname="github.com/keelcore/keel/tests/unit" name="TestPressureLoop_ClampNegativeWatermarks" time="0.000000"></testcase>
		<testcase classname="github.com/keelcore/keel/tests/unit" name="TestPressureLoop_ClampAboveOneWatermarks" time="0.000000"></testcase>
		<testcase classname="github.com/keelcore/keel/tests/unit" name="TestPressureLoop_LowGreaterThanHighAdjusted" time="0.000000"></testcase>
		<testcase classname="github.com/keelcore/keel/tests/unit" name="TestPressureLoop_HighWatermarkTrigger" time="0.450000"></testcase>
		<testcase classname="github.com/keelcore/keel/tests/unit" name="TestOWASP_ResponseBodyLimit_NormalWrite" time="0.000000"></testcase>
		<testcase classname="github.com/keelcore/keel/tests/unit" name="TestOWASP_ResponseBodyLimit_Truncates" time="0.000000"></testcase>
		<testcase classname="github.com/keelcore/keel/tests/unit" name="TestOWASP_ResponseBodyLimit_SecondWriteDropped" time="0.000000"></testcase>
		<testcase classname="github.com/keelcore/keel/tests/unit" name="TestAccessLog_ClientIP_XFF_WithComma" time="0.000000"></testcase>
		<testcase classname="github.com/keelcore/keel/tests/unit" name="TestAccessLog_ClientIP_XFF_WithoutComma" time="0.000000"></testcase>
		<testcase classname="github.com/keelcore/keel/tests/unit" name="TestAccessLog_ClientIP_InvalidRemoteAddr" time="0.000000"></testcase>
		<testcase classname="github.com/keelcore/keel/tests/unit" name="TestAccessLog_LogsContextIDs" time="0.000000"></testcase>
		<testcase classname="github.com/keelcore/keel/tests/unit" name="TestOWASP_ReadTimeout_SetsContext" time="0.000000"></testcase>
		<testcase classname="github.com/keelcore/keel/tests/unit" name="TestVersion_ReturnsJSON" time="0.000000"></testcase>
		<testcase classname="github.com/keelcore/keel/tests/unit" name="TestVersion_ContainsRequiredFields" time="0.000000"></testcase>
		<testcase classname="github.com/keelcore/keel/tests/unit" name="TestStartupz_Returns503BeforeDone" time="0.000000"></testcase>
		<testcase classname="github.com/keelcore/keel/tests/unit" name="TestStartupz_Returns200AfterDone" time="0.000000"></testcase>
		<testcase classname="github.com/keelcore/keel/tests/unit" name="TestReadiness_FailedCheckReturns503WithName" time="0.000000"></testcase>
		<testcase classname="github.com/keelcore/keel/tests/unit" name="TestReadiness_AllChecksPassReturn200" time="0.000000"></testcase>
		<testcase classname="github.com/keelcore/keel/tests/unit" name="TestReadiness_AtomicFalseOverridesPassingChecks" time="0.000000"></testcase>
		<testcase classname="github.com/keelcore/keel/tests/unit" name="TestFIPSHealth_ReturnsJSON" time="0.000000"></testcase>
		<testcase classname="github.com/keelcore/keel/tests/unit" name="TestPProf_RegisteredOnAdminMuxReturns200" time="0.000000"></testcase>
		<testcase classname="github.com/keelcore/keel/tests/unit" name="TestPProf_NotOnMainHandlerReturns404" time="0.000000"></testcase>
		<testcase classname="github.com/keelcore/keel/tests/unit" name="TestOWASP_SetsHeaders" time="0.000000"></testcase>
		<testcase classname="github.com/keelcore/keel/tests/unit" name="TestOWASP_AllFiveHeadersOnHTTP" time="0.000000"></testcase>
		<testcase classname="github.com/keelcore/keel/tests/unit" name="TestOWASP_HSTSAbsentOnHTTP" time="0.000000"></testcase>
		<testcase classname="github.com/keelcore/keel/tests/unit" name="TestOWASP_HSTSPresentOnHTTPS" time="0.000000"></testcase>
		<testcase classname="github.com/keelcore/keel/tests/unit" name="TestOWASP_RequestBodyLimit" time="0.000000"></testcase>
		<testcase classname="github.com/keelcore/keel/tests/unit" name="TestReload_ValidConfig_UpdatesFields" time="0.000000"></testcase>
		<testcase classname="github.com/keelcore/keel/tests/unit" name="TestReload_InvalidConfig_KeepsOldConfig" time="0.000000"></testcase>
		<testcase classname="github.com/keelcore/keel/tests/unit" name="TestAdminReload_ValidConfig_Returns200" time="0.000000"></testcase>
		<testcase classname="github.com/keelcore/keel/tests/unit" name="TestAdminReload_InvalidConfig_Returns422" time="0.000000"></testcase>
		<testcase classname="github.com/keelcore/keel/tests/unit" name="TestAdminReload_WrongMethod_Returns405" time="0.000000"></testcase>
		<testcase classname="github.com/keelcore/keel/tests/unit" name="TestRemoteLog_Run_FlushesLargeBatch" time="0.000000"></testcase>
		<testcase classname="github.com/keelcore/keel/tests/unit" name="TestRemoteLog_Post_BadURL" time="0.200000"></testcase>
		<testcase classname="github.com/keelcore/keel/tests/unit" name="TestRemoteLog_Post_ServerDown" time="0.500000"></testcase>
		<testcase classname="github.com/keelcore/keel/tests/unit" name="TestRemoteLog_Run_DrainLoopProcessesRemaining" time="0.000000"></testcase>
		<testcase classname="github.com/keelcore/keel/tests/unit" name="TestRemoteLog_HTTPSink_ReceivesLogLines" time="0.210000"></testcase>
		<testcase classname="github.com/keelcore/keel/tests/unit" name="TestRemoteLog_HTTPSink_DropsWhenFull" time="0.000000"></testcase>
		<testcase classname="github.com/keelcore/keel/tests/unit" name="TestRemoteLog_HTTPSink_AttachesToLogger" time="0.210000"></testcase>
		<testcase classname="github.com/keelcore/keel/tests/unit" name="TestRequestID_GeneratesULID" time="0.000000"></testcase>
		<testcase classname="github.com/keelcore/keel/tests/unit" name="TestRequestID_PreservesExistingID" time="0.000000"></testcase>
		<testcase classname="github.com/keelcore/keel/tests/unit" name="TestRequestID_SetsContextValue" time="0.000000"></testcase>
		<testcase classname="github.com/keelcore/keel/tests/unit" name="TestRouter_LastWriteWins_COW_InFlightPreserved_SamePort" time="0.000000"></testcase>
		<testcase classname="github.com/keelcore/keel/tests/unit" name="TestRouter_Has_UnknownPort" time="0.000000"></testcase>
		<testcase classname="github.com/keelcore/keel/tests/unit" name="TestRouter_Has_UnknownPattern" time="0.000000"></testcase>
		<testcase classname="github.com/keelcore/keel/tests/unit" name="TestRouter_Has_RegisteredPattern" time="0.000000"></testcase>
		<testcase classname="github.com/keelcore/keel/tests/unit" name="TestRouter_Handler_UnknownPort_Returns404" time="0.000000"></testcase>
		<testcase classname="github.com/keelcore/keel/tests/unit" name="TestRouter_RequestPort_LocalAddr" time="0.000000"></testcase>
		<testcase classname="github.com/keelcore/keel/tests/unit" name="TestRouter_RequestPort_URLHost" time="0.000000"></testcase>
		<testcase classname="github.com/keelcore/keel/tests/unit" name="TestRouter_RequestPort_Fallback_HTTP" time="0.000000"></testcase>
		<testcase classname="github.com/keelcore/keel/tests/unit" name="TestRegistrarFunc_Register" time="0.000000"></testcase>
		<testcase classname="github.com/keelcore/keel/tests/unit" name="TestDefaultRegistrar_RootReturns200" time="0.000000"></testcase>
		<testcase classname="github.com/keelcore/keel/tests/unit" name="TestDefaultRegistrar_NonRootReturns404" time="0.000000"></testcase>
		<testcase classname="github.com/keelcore/keel/tests/unit" name="TestRouter_SamePatternDifferentPorts_NoCollision" time="0.000000"></testcase>
		<testcase classname="github.com/keelcore/keel/tests/unit" name="TestRouter_LastWriteWins_SamePort_Simple" time="0.000000"></testcase>
		<testcase classname="github.com/keelcore/keel/tests/unit" name="TestShedding_NotReadyReturns503" time="0.000000"></testcase>
		<testcase classname="github.com/keelcore/keel/tests/unit" name="TestShedding_ReadyPassesThrough" time="0.000000"></testcase>
		<testcase classname="github.com/keelcore/keel/tests/unit" name="TestShedding_PressureDropReturns200" time="0.000000"></testcase>
		<testcase classname="github.com/keelcore/keel/tests/unit" name="TestCircuitBreaker_DefaultThreshold" time="0.000000"></testcase>
		<testcase classname="github.com/keelcore/keel/tests/unit" name="TestCircuitBreaker_HalfOpen_ConcurrentRejected" time="0.150000"></testcase>
		<testcase classname="github.com/keelcore/keel/tests/unit" name="TestCircuitBreaker_HalfOpenProbe_Fails_ReOpens" time="0.050000"></testcase>
		<testcase classname="github.com/keelcore/keel/tests/unit" name="TestCircuitBreaker_RoundTrip_TransportError" time="0.000000"></testcase>
		<testcase classname="github.com/keelcore/keel/tests/unit" name="TestHealthProbe_LogsOnFailure" time="0.090000"></testcase>
		<testcase classname="github.com/keelcore/keel/tests/unit" name="TestHealthProbe_LogsOnUnhealthyStatus" time="0.090000"></testcase>
		<testcase classname="github.com/keelcore/keel/tests/unit" name="TestHealthProbe_DefaultTimeouts" time="0.020000"></testcase>
		<testcase classname="github.com/keelcore/keel/tests/unit" name="TestSidecarNew_BadURL" time="0.000000"></testcase>
		<testcase classname="github.com/keelcore/keel/tests/unit" name="TestSidecarProxy_NoResponseSizeCap" time="0.000000"></testcase>
		<testcase classname="github.com/keelcore/keel/tests/unit" name="TestBuildTransport_CAFile_NoCerts" time="0.000000"></testcase>
		<testcase classname="github.com/keelcore/keel/tests/unit" name="TestBuildTransport_ClientCert_LoadError" time="0.000000"></testcase>
		<testcase classname="github.com/keelcore/keel/tests/unit" name="TestSidecarProxy_HeaderForwardAllowlist" time="0.000000"></testcase>
		<testcase classname="github.com/keelcore/keel/tests/unit" name="TestSidecarProxy_XFF_Append_NoPort" time="0.000000"></testcase>
		<testcase classname="github.com/keelcore/keel/tests/unit" name="TestSidecarProxy_XFF_Append_NoIncomingXFF" time="0.000000"></testcase>
		<testcase classname="github.com/keelcore/keel/tests/unit" name="TestSidecarProxy_PlainHTTP" time="0.000000"></testcase>
		<testcase classname="github.com/keelcore/keel/tests/unit" name="TestSidecarProxy_ResponseSizeCap_Returns502" time="0.000000"></testcase>
		<testcase classname="github.com/keelcore/keel/tests/unit" name="TestSidecarProxy_XFF_Append" time="0.000000"></testcase>
		<testcase classname="github.com/keelcore/keel/tests/unit" name="TestSidecarProxy_XFF_Replace" time="0.000000"></testcase>
		<testcase classname="github.com/keelcore/keel/tests/unit" name="TestSidecarProxy_XFF_Strip" time="0.000000"></testcase>
		<testcase classname="github.com/keelcore/keel/tests/unit" name="TestSidecarProxy_HeaderStrip" time="0.000000"></testcase>
		<testcase classname="github.com/keelcore/keel/tests/unit" name="TestSidecarProxy_UpstreamTLS_BadCert_Returns502" time="0.020000"></testcase>
		<testcase classname="github.com/keelcore/keel/tests/unit" name="TestSidecarProxy_UpstreamTLS_InsecureSkipVerify_Returns200" time="0.010000"></testcase>
		<testcase classname="github.com/keelcore/keel/tests/unit" name="TestSidecarProxy_MTLS_CorrectCert_Returns200" time="0.010000"></testcase>
		<testcase classname="github.com/keelcore/keel/tests/unit" name="TestSidecarProxy_MTLS_WrongCert_Returns502" time="0.010000"></testcase>
		<testcase classname="github.com/keelcore/keel/tests/unit" name="TestSidecarHealthProbe_UpstreamDown_ReadinessFalse" time="0.080000"></testcase>
		<testcase classname="github.com/keelcore/keel/tests/unit" name="TestSidecarHealthProbe_UpstreamRecovered_ReadinessTrue" time="0.080000"></testcase>
		<testcase classname="github.com/keelcore/keel/tests/unit" name="TestCircuitBreaker_OpensAfterThreshold" time="0.000000"></testcase>
		<testcase classname="github.com/keelcore/keel/tests/unit" name="TestCircuitBreaker_HalfOpenProbe_ClosesCircuit" time="0.050000"></testcase>
		<testcase classname="github.com/keelcore/keel/tests/unit" name="TestStatsdNew_DialFails" time="0.000000"></testcase>
		<testcase classname="github.com/keelcore/keel/tests/unit" name="TestStatsdGauge_Emits" time="0.000000"></testcase>
		<testcase classname="github.com/keelcore/keel/tests/unit" name="TestStatsdGauge_EmptyTags" time="0.000000"></testcase>
		<testcase classname="github.com/keelcore/keel/tests/unit" name="TestStatsD_EmitsRequestsTotal" time="0.200000"></testcase>
		<testcase classname="github.com/keelcore/keel/tests/unit" name="TestStatsD_EmitsRequestDuration" time="0.200000"></testcase>
		<testcase classname="github.com/keelcore/keel/tests/unit" name="TestNewSyslogSink_DialFails" time="0.000000"></testcase>
		<testcase classname="github.com/keelcore/keel/tests/unit" name="TestCertExpiry_ReadFileError" time="0.000000"></testcase>
		<testcase classname="github.com/keelcore/keel/tests/unit" name="TestCertExpiry_NoPEMBlock" time="0.000000"></testcase>
		<testcase classname="github.com/keelcore/keel/tests/unit" name="TestCertExpiry_InvalidDER" time="0.000000"></testcase>
		<testcase classname="github.com/keelcore/keel/tests/unit" name="TestCertExpirySeconds_PropagatesError" time="0.000000"></testcase>
		<testcase classname="github.com/keelcore/keel/tests/unit" name="TestCertLoader_Get_NilCert" time="0.000000"></testcase>
		<testcase classname="github.com/keelcore/keel/tests/unit" name="TestCertLoader_Reload_Error" time="0.000000"></testcase>
		<testcase classname="github.com/keelcore/keel/tests/unit" name="TestNewCertLoader_Error" time="0.000000"></testcase>
		<testcase classname="github.com/keelcore/keel/tests/unit" name="TestCertLoader_Get_ReturnsCert" time="0.000000"></testcase>
		<testcase classname="github.com/keelcore/keel/tests/unit" name="TestBuildTLSConfig_FIPSCurves" time="0.000000"></testcase>
		<testcase classname="github.com/keelcore/keel/tests/unit" name="TestBuildTLSConfig_MinVersionTLS13" time="0.000000"></testcase>
		<testcase classname="github.com/keelcore/keel/tests/unit" name="TestBuildTLSConfig_NoMaxVersionCeiling" time="0.000000"></testcase>
		<testcase classname="github.com/keelcore/keel/tests/unit" name="TestTLS12ConnectionRejected" time="0.000000"></testcase>
		<testcase classname="github.com/keelcore/keel/tests/unit" name="TestCertExpiry_ReturnsNotAfter" time="0.000000"></testcase>
		<testcase classname="github.com/keelcore/keel/tests/unit" name="TestCertExpirySeconds_PositiveForFutureCert" time="0.000000"></testcase>
		<testcase classname="github.com/keelcore/keel/tests/unit" name="TestTraceContext_GeneratesTraceparent" time="0.000000"></testcase>
		<testcase classname="github.com/keelcore/keel/tests/unit" name="TestTraceContext_PropagatesExistingTraceID" time="0.000000"></testcase>
		<testcase classname="github.com/keelcore/keel/tests/unit" name="TestTraceContext_SetsSpanIDInContext" time="0.000000"></testcase>
	</testsuite>
</testsuites>